--------------------------------------
Hora: 07:30:41
Query: insert into clientes values(1,'dE014d010c7ab0c','null','Goodman','Stewart-Flynn','Rowlandberg','Macao','846-790-4623x4715','(422)787-2331x71127','marieyates@gomez-spencer.info','2021-07-26','http://www.shea.biz/')
Linea: 1
Motivo: La columna "NOMBRE" no permite valores nulos (NULL)
NULL not allowed for column "NOMBRE"; SQL statement:
insert into clientes values (?,?,?,?,?,?,?,?,?,?,?,?) [23502-232]
--------------------------------------
--------------------------------------
Hora: 07:30:41
Query: insert into clientes values(5,'D60df62ad2ae41E','null','Woods','Mccarthy-Kelley','Port Jacksonland','Nepal','+1-360-693-4419x19272','163-627-2565','jesus90@roberson.info','2022-04-22','null')
Linea: 4
Motivo: La columna "NOMBRE" no permite valores nulos (NULL)
NULL not allowed for column "NOMBRE"; SQL statement:
insert into clientes values (?,?,?,?,?,?,?,?,?,?,?,?) [23502-232]
--------------------------------------
--------------------------------------
Hora: 07:30:41
Query: insert into clientes values(10,'aAa1EDfaA70DA0c','null','Estrada','May Inc','Welchton','United Arab Emirates','001-648-790-9244','973-767-3611','christie44@mckenzie.biz','2020-09-03','https://www.salinas.net/')
Linea: 8
Motivo: La columna "NOMBRE" no permite valores nulos (NULL)
NULL not allowed for column "NOMBRE"; SQL statement:
insert into clientes values (?,?,?,?,?,?,?,?,?,?,?,?) [23502-232]
--------------------------------------
--------------------------------------
Hora: 07:30:41
Query: insert into clientes values(12,'bf2fA37cbAd7dDc','null','Ritter','Bradford and Sons','West Francisco','Palau','292.313.1902','(065)075-0554','tammiepope@arroyo-baldwin.com','2022-01-19','http://sellers.biz/')
Linea: 9
Motivo: La columna "NOMBRE" no permite valores nulos (NULL)
NULL not allowed for column "NOMBRE"; SQL statement:
insert into clientes values (?,?,?,?,?,?,?,?,?,?,?,?) [23502-232]
--------------------------------------
--------------------------------------
Hora: 07:30:41
Query: insert into clientes values(34,'7c4c673af703a09','null','Montes','Cohen-Copeland','Tonyville','Armenia','001-999-585-7539x536','838-203-4008x6959','hodgebrenda@roach-winters.com','2021-05-06','https://www.garcia.com/')
Linea: 30
Motivo: La columna "NOMBRE" no permite valores nulos (NULL)
NULL not allowed for column "NOMBRE"; SQL statement:
insert into clientes values (?,?,?,?,?,?,?,?,?,?,?,?) [23502-232]
--------------------------------------
